// Jest Snapshot v1, https://goo.gl/fbAQLP

exports[`Articles should match snapshot 1`] = `<ul />`;
